Microchip MPLAB XC8 Compiler V2.00 ()

Linker command line:

-W-3 --edf=C:\Program Files (x86)\Microchip\xc8\v2.00\pic\dat\en_msgs.txt \
  -cs -h+dist/default/debug\final_motor.X.debug.sym \
  --cmf=dist/default/debug\final_motor.X.debug.cmf -z -Q18F4520 \
  -oC:\Users\wayne\AppData\Local\Temp\s9k4.2 --defsym=__MPLAB_BUILD=1 \
  -Mdist/default/debug/final_motor.X.debug.map -E1 -ver=XC8 --acfsm=1493 \
  -ASTACK=080h-05f3h -pstack=STACK -ACODE=00h-07DBFh -ACONST=00h-07DBFh \
  -ASMALLCONST=0600h-06FFhx119,07D00h-07DBFh -AMEDIUMCONST=0600h-07DBFh \
  -ACOMRAM=01h-07Fh -AABS1=00h-05F3h -ABIGRAM=01h-05F3h \
  -ARAM=080h-0FFh,0100h-01FFhx4,0500h-05F3h -ABANK0=080h-0FFh \
  -ABANK1=0100h-01FFh -ABANK2=0200h-02FFh -ABANK3=0300h-03FFh \
  -ABANK4=0400h-04FFh -ABANK5=0500h-05F3h \
  -ASFR=0F80h-0F9Bh,0F9Dh-0FD3h,0FD5h-0FDAh,0FE0h-0FE2h,0FE8h-0FEAh,0FF0h-0FFCh \
  -preset_vec=00h,intcode,intcodelo,powerup,init -pramtop=0600h \
  -psmallconst=SMALLCONST -pmediumconst=MEDIUMCONST -pconst=CONST \
  -AFARRAM=00h-00h -ACONFIG=0300000h-030000Dh -pconfig=CONFIG \
  -AIDLOC=0200000h-0200007h -pidloc=IDLOC -AEEDATA=0F00000h-0F000FFh \
  -peeprom_data=EEDATA \
  -prdata=COMRAM,nvrram=COMRAM,nvbit=COMRAM,rbss=COMRAM,rbit=COMRAM \
  -pfarbss=FARRAM,fardata=FARRAM,nvFARRAM=FARRAM \
  -pintsave_regs=BIGRAM,bigbss=BIGRAM,bigdata=BIGRAM -pbss=RAM \
  -pidata=CODE,irdata=CODE,ibigdata=CODE,ifardata=CODE -prparam=COMRAM \
  C:\Users\wayne\AppData\Local\Temp\s9k4.o \
  dist/default/debug\final_motor.X.debug.o 

Object code version is 3.11

Machine type is 18F4520

Call graph: (short form)




                Name                               Link     Load   Length Selector   Space Scale
C:\Users\wayne\AppData\Local\Temp\s9k4.o
                init                                  0        0        4        0       0
                idloc                            200000   200000        8   200000       0
                config                           300000   300000        E   300000       0
dist/default/debug\final_motor.X.debug.o
                text11                             6902     6902       20     3481       0
                text10                             69CC     69CC       32     34E6       0
                text9                              68E4     68E4        6     3472       0
                text8                              6922     6922       22     3491       0
                text7                              6944     6944       22     34A2       0
                text6                              6966     6966       22     34B3       0
                text5                              68F4     68F4        E     347A       0
                text4                              6988     6988       22     34C4       0
                text3                              69AA     69AA       22     34D5       0
                text2                              69FE     69FE       9A     34FF       0
                text1                              6B70     6B70     1250     35B8       0
                text0                              6A98     6A98       D8     354C       0
                cstackCOMRAM                          1        1        A        1       1
                bssCOMRAM                             B        B        2        1       1
                cinit                              68EA     68EA        A     3475       0

TOTAL           Name                               Link     Load   Length     Space
        CLASS   STACK          

        CLASS   CODE           
                init                                  0        0        4         0
                text11                             6902     6902       20         0
                text10                             69CC     69CC       32         0
                text9                              68E4     68E4        6         0
                text8                              6922     6922       22         0
                text7                              6944     6944       22         0
                text6                              6966     6966       22         0
                text5                              68F4     68F4        E         0
                text4                              6988     6988       22         0
                text3                              69AA     69AA       22         0
                text2                              69FE     69FE       9A         0
                text1                              6B70     6B70     1250         0
                text0                              6A98     6A98       D8         0
                cinit                              68EA     68EA        A         0

        CLASS   CONST          

        CLASS   SMALLCONST     

        CLASS   MEDIUMCONST    

        CLASS   COMRAM         
                cstackCOMRAM                          1        1        A         1
                bssCOMRAM                             B        B        2         1

        CLASS   ABS1           

        CLASS   BIGRAM         

        CLASS   RAM            

        CLASS   BANK0          

        CLASS   BANK1          

        CLASS   BANK2          

        CLASS   BANK3          

        CLASS   BANK4          

        CLASS   BANK5          

        CLASS   SFR            

        CLASS   FARRAM         

        CLASS   CONFIG         
                config                           300000   300000        E         0

        CLASS   IDLOC          
                idloc                            200000   200000        8         0

        CLASS   EEDATA         



SEGMENTS        Name                           Load    Length   Top    Selector   Space  Class

                reset_vec                      000000  000004  000004         0       0  CODE    
                cstackCOMRAM                   000001  00000C  00000D         1       1  COMRAM  
                text9                          0068E4  000006  0068EA      3472       0  CODE    
                cinit                          0068EA  00000A  0068F4      3475       0  CODE    
                text5                          0068F4  00000E  006902      347A       0  CODE    
                text11                         006902  000020  006922      3481       0  CODE    
                text8                          006922  000022  006944      3491       0  CODE    
                text7                          006944  000022  006966      34A2       0  CODE    
                text6                          006966  000022  006988      34B3       0  CODE    
                text4                          006988  000022  0069AA      34C4       0  CODE    
                text3                          0069AA  000022  0069CC      34D5       0  CODE    
                text10                         0069CC  000032  0069FE      34E6       0  CODE    
                text2                          0069FE  00009A  006A98      34FF       0  CODE    
                text0                          006A98  0000D8  006B70      354C       0  CODE    
                text1                          006B70  001250  007DC0      35B8       0  CODE    
                idloc                          200000  000008  200008    200000       0  IDLOC   
                config                         300000  00000E  30000E    300000       0  CONFIG  


UNUSED ADDRESS RANGES

        Name                Unused          Largest block    Delta
        BANK0            000080-0000FF               80
        BANK1            000100-0001FF              100
        BANK2            000200-0002FF              100
        BANK3            000300-0003FF              100
        BANK4            000400-0004FF              100
        BANK5            000500-0005F3               F4
        BIGRAM           00000D-0005F3              5E7
        CODE             000004-0068E3             68E0
        COMRAM           00000D-00007F               73
        CONST            000004-0068E3             68E0
        EEDATA           F00000-F000FF              100
        MEDIUMCONST      000600-0068E3             62E4
        RAM              000080-0005F3              100
        SFR              000F80-000F9B               1C
                         000F9D-000FD3               37
                         000FD5-000FDA                6
                         000FE0-000FE2                3
                         000FE8-000FEA                3
                         000FF0-000FFC                D
        SMALLCONST       000600-0068E3              100
        STACK            000080-0005F3              574

                                  Symbol Table

PWM1_Duty@duty           cstackCOMRAM 000001
PWM1_Init@setDuty        cstackCOMRAM 000001
_CCP1CONbits             (abs)        000FBD
_CCPR1L                  (abs)        000FBE
_Do                      text8        006922
_Fa                      text7        006944
_LATA                    (abs)        000F89
_LATAbits                (abs)        000F89
_Mi                      text6        006966
_OSCCONbits              (abs)        000FD3
_PR2                     (abs)        000FCB
_PWM1CONbits             (abs)        000FB7
_PWM1_Duty               text10       0069CC
_PWM1_Init               text9        0068E4
_PWM1_Start              text11       006902
_Quiet                   text5        0068F4
_RC3                     (abs)        007C13
_RD0                     (abs)        007C18
_RD1                     (abs)        007C19
_RD2                     (abs)        007C1A
_RD3                     (abs)        007C1B
_Re                      text4        006988
_So                      text3        0069AA
_T2CONbits               (abs)        000FCA
_TRISA                   (abs)        000F92
_TRISAbits               (abs)        000F92
_TRISCbits               (abs)        000F94
_TRISDbits               (abs)        000F95
__CFG_BOREN$ON           (abs)        000000
__CFG_CPD$OFF            (abs)        000000
__CFG_LVP$OFF            (abs)        000000
__CFG_OSC$INTIO67        (abs)        000000
__CFG_PWRT$OFF           (abs)        000000
__CFG_WDT$OFF            (abs)        000000
__HRAM                   (abs)        000000
__Habs1                  abs1         000000
__Hbank0                 bank0        000000
__Hbank1                 bank1        000000
__Hbank2                 bank2        000000
__Hbank3                 bank3        000000
__Hbank4                 bank4        000000
__Hbank5                 bank5        000000
__Hbigbss                bigbss       000000
__Hbigdata               bigdata      000000
__Hbigram                bigram       000000
__Hbss                   bss          000000
__HbssCOMRAM             bssCOMRAM    000000
__Hcinit                 cinit        000000
__Hclrtext               clrtext      000000
__Hcomram                comram       000000
__Hconfig                config       30000E
__Hconst                 const        000000
__HcstackCOMRAM          cstackCOMRAM 000000
__Hdata                  data         000000
__Heeprom_data           eeprom_data  000000
__Hfarbss                farbss       000000
__Hfardata               fardata      000000
__Hibigdata              ibigdata     000000
__Hidata                 idata        000000
__Hidloc                 idloc        200008
__Hifardata              ifardata     000000
__Hinit                  init         000004
__Hintcode               intcode      000000
__Hintcode_body          intcode_body 000000
__Hintcodelo             intcodelo    000000
__Hintentry              intentry     000000
__Hintret                intret       000000
__Hintsave_regs          intsave_regs 000000
__Hirdata                irdata       000000
__Hmediumconst           mediumconst  000000
__HnvFARRAM              nvFARRAM     000000
__Hnvbit                 nvbit        000000
__Hnvrram                nvrram       000000
__Hparam                 rparam       000000
__Hpowerup               powerup      000000
__Hram                   ram          000000
__Hramtop                ramtop       000600
__Hrbit                  rbit         000000
__Hrbss                  rbss         000000
__Hrdata                 rdata        000000
__Hreset_vec             reset_vec    000000
__Hrparam                rparam       000000
__Hsfr                   sfr          000000
__Hsmallconst            smallconst   000000
__Hspace_0               (abs)        30000E
__Hspace_1               (abs)        00000D
__Hspace_2               (abs)        000000
__Hstack                 stack        000000
__Hstruct                struct       000000
__Htemp                  temp         000000
__Htext                  text         000000
__Htext0                 text0        000000
__Htext1                 text1        000000
__Htext10                text10       000000
__Htext11                text11       000000
__Htext2                 text2        000000
__Htext3                 text3        000000
__Htext4                 text4        000000
__Htext5                 text5        000000
__Htext6                 text6        000000
__Htext7                 text7        000000
__Htext8                 text8        000000
__Htext9                 text9        000000
__LRAM                   (abs)        000001
__Labs1                  abs1         000000
__Lbank0                 bank0        000000
__Lbank1                 bank1        000000
__Lbank2                 bank2        000000
__Lbank3                 bank3        000000
__Lbank4                 bank4        000000
__Lbank5                 bank5        000000
__Lbigbss                bigbss       000000
__Lbigdata               bigdata      000000
__Lbigram                bigram       000000
__Lbss                   bss          000000
__LbssCOMRAM             bssCOMRAM    000000
__Lcinit                 cinit        000000
__Lclrtext               clrtext      000000
__Lcomram                comram       000000
__Lconfig                config       300000
__Lconst                 const        000000
__LcstackCOMRAM          cstackCOMRAM 000000
__Ldata                  data         000000
__Leeprom_data           eeprom_data  000000
__Lfarbss                farbss       000000
__Lfardata               fardata      000000
__Libigdata              ibigdata     000000
__Lidata                 idata        000000
__Lidloc                 idloc        200000
__Lifardata              ifardata     000000
__Linit                  init         000000
__Lintcode               intcode      000000
__Lintcode_body          intcode_body 000000
__Lintcodelo             intcodelo    000000
__Lintentry              intentry     000000
__Lintret                intret       000000
__Lintsave_regs          intsave_regs 000000
__Lirdata                irdata       000000
__Lmediumconst           mediumconst  000000
__LnvFARRAM              nvFARRAM     000000
__Lnvbit                 nvbit        000000
__Lnvrram                nvrram       000000
__Lparam                 rparam       000000
__Lpowerup               powerup      000000
__Lram                   ram          000000
__Lramtop                ramtop       000600
__Lrbit                  rbit         000000
__Lrbss                  rbss         000000
__Lrdata                 rdata        000000
__Lreset_vec             reset_vec    000000
__Lrparam                rparam       000000
__Lsfr                   sfr          000000
__Lsmallconst            smallconst   000000
__Lspace_0               (abs)        000000
__Lspace_1               (abs)        000000
__Lspace_2               (abs)        000000
__Lstack                 stack        000000
__Lstruct                struct       000000
__Ltemp                  temp         000000
__Ltext                  text         000000
__Ltext0                 text0        000000
__Ltext1                 text1        000000
__Ltext10                text10       000000
__Ltext11                text11       000000
__Ltext2                 text2        000000
__Ltext3                 text3        000000
__Ltext4                 text4        000000
__Ltext5                 text5        000000
__Ltext6                 text6        000000
__Ltext7                 text7        000000
__Ltext8                 text8        000000
__Ltext9                 text9        000000
__S0                     (abs)        30000E
__S1                     (abs)        00000D
__S2                     (abs)        000000
___inthi_sp              stack        000000
___intlo_sp              stack        000000
___param_bank            (abs)        000000
___rparam_used           (abs)        000001
___sp                    stack        000000
__accesstop              (abs)        000080
__activetblptr           (abs)        000000
__end_of_Do              text8        006944
__end_of_Fa              text7        006966
__end_of_Mi              text6        006988
__end_of_PWM1_Duty       text10       0069FE
__end_of_PWM1_Init       text9        0068EA
__end_of_PWM1_Start      text11       006922
__end_of_Quiet           text5        006902
__end_of_Re              text4        0069AA
__end_of_So              text3        0069CC
__end_of__initialization cinit        0068EE
__end_of_delay           text2        006A98
__end_of_main            text0        006B70
__end_of_small_bee       text1        007DC0
__initialization         cinit        0068EA
__mediumconst            mediumconst  000000
__pbssCOMRAM             bssCOMRAM    00000B
__pcinit                 cinit        0068EA
__pcstackCOMRAM          cstackCOMRAM 000001
__ptext0                 text0        006A98
__ptext1                 text1        006B70
__ptext10                text10       0069CC
__ptext11                text11       006902
__ptext2                 text2        0069FE
__ptext3                 text3        0069AA
__ptext4                 text4        006988
__ptext5                 text5        0068F4
__ptext6                 text6        006966
__ptext7                 text7        006944
__ptext8                 text8        006922
__ptext9                 text9        0068E4
__ramtop                 ramtop       000600
__size_of_Do             (abs)        000000
__size_of_Fa             (abs)        000000
__size_of_Mi             (abs)        000000
__size_of_PWM1_Duty      (abs)        000000
__size_of_PWM1_Init      (abs)        000000
__size_of_PWM1_Start     (abs)        000000
__size_of_Quiet          (abs)        000000
__size_of_Re             (abs)        000000
__size_of_So             (abs)        000000
__size_of_delay          (abs)        000000
__size_of_main           (abs)        000000
__size_of_small_bee      (abs)        000000
__smallconst             smallconst   000000
_delay                   text2        0069FE
_flag                    bssCOMRAM    00000B
_main                    text0        006A98
_small_bee               text1        006B70
delay@i                  cstackCOMRAM 000001
end_of_initialization    cinit        0068EE
intlevel0                text         000000
intlevel1                text         000000
intlevel2                text         000000
intlevel3                text         000000
main@flag                cstackCOMRAM 000009
main@i                   cstackCOMRAM 000005
main@j                   cstackCOMRAM 000007
stackhi                  (abs)        0005F3
stacklo                  (abs)        000080
start                    init         000000
start_initialization     cinit        0068EA


FUNCTION INFORMATION:

 *************** function _main *****************
 Defined at:
		line 219 in file "motor2.c"
 Parameters:    Size  Location     Type
		None
 Auto vars:     Size  Location     Type
  flag            2    8[COMRAM] int 
  j               2    6[COMRAM] int 
  i               2    4[COMRAM] int 
 Return value:  Size  Location     Type
                  1    wreg      void 
 Registers used:
		wreg, status,2, status,0, cstack
 Tracked objects:
		On entry : 
		On exit  : 
		Unchanged: 
 Data sizes:     COMRAM   BANK0   BANK1   BANK2   BANK3   BANK4   BANK5
      Params:         0       0       0       0       0       0       0
      Locals:         6       0       0       0       0       0       0
      Temps:          0       0       0       0       0       0       0
      Totals:         6       0       0       0       0       0       0
Total ram usage:        6 bytes
 Hardware stack levels required when called:    3
 This function calls:
		_Do
		_Fa
		_Mi
		_PWM1_Duty
		_PWM1_Start
		_Re
		_So
		_small_bee
 This function is called by:
		Startup code after reset
 This function uses a non-reentrant model


 *************** function _small_bee *****************
 Defined at:
		line 117 in file "motor2.c"
 Parameters:    Size  Location     Type
		None
 Auto vars:     Size  Location     Type
		None
 Return value:  Size  Location     Type
                  1    wreg      void 
 Registers used:
		wreg, status,2, status,0, cstack
 Tracked objects:
		On entry : 
		On exit  : 
		Unchanged: 
 Data sizes:     COMRAM   BANK0   BANK1   BANK2   BANK3   BANK4   BANK5
      Params:         0       0       0       0       0       0       0
      Locals:         0       0       0       0       0       0       0
      Temps:          0       0       0       0       0       0       0
      Totals:         0       0       0       0       0       0       0
Total ram usage:        0 bytes
 Hardware stack levels used:    1
 Hardware stack levels required when called:    2
 This function calls:
		_Do
		_Fa
		_Mi
		_Quiet
		_Re
		_So
		_delay
 This function is called by:
		_main
 This function uses a non-reentrant model


 *************** function _delay *****************
 Defined at:
		line 107 in file "motor2.c"
 Parameters:    Size  Location     Type
		None
 Auto vars:     Size  Location     Type
  i               2    0[COMRAM] int 
 Return value:  Size  Location     Type
                  1    wreg      void 
 Registers used:
		wreg, status,2, status,0
 Tracked objects:
		On entry : 
		On exit  : 
		Unchanged: 
 Data sizes:     COMRAM   BANK0   BANK1   BANK2   BANK3   BANK4   BANK5
      Params:         0       0       0       0       0       0       0
      Locals:         2       0       0       0       0       0       0
      Temps:          0       0       0       0       0       0       0
      Totals:         2       0       0       0       0       0       0
Total ram usage:        2 bytes
 Hardware stack levels used:    1
 This function calls:
		Nothing
 This function is called by:
		_small_bee
 This function uses a non-reentrant model


 *************** function _So *****************
 Defined at:
		line 98 in file "motor2.c"
 Parameters:    Size  Location     Type
		None
 Auto vars:     Size  Location     Type
		None
 Return value:  Size  Location     Type
                  1    wreg      void 
 Registers used:
		wreg, status,2, status,0, cstack
 Tracked objects:
		On entry : 
		On exit  : 
		Unchanged: 
 Data sizes:     COMRAM   BANK0   BANK1   BANK2   BANK3   BANK4   BANK5
      Params:         0       0       0       0       0       0       0
      Locals:         0       0       0       0       0       0       0
      Temps:          0       0       0       0       0       0       0
      Totals:         0       0       0       0       0       0       0
Total ram usage:        0 bytes
 Hardware stack levels used:    1
 Hardware stack levels required when called:    1
 This function calls:
		_PWM1_Duty
		_PWM1_Init
 This function is called by:
		_small_bee
		_main
 This function uses a non-reentrant model


 *************** function _Re *****************
 Defined at:
		line 83 in file "motor2.c"
 Parameters:    Size  Location     Type
		None
 Auto vars:     Size  Location     Type
		None
 Return value:  Size  Location     Type
                  1    wreg      void 
 Registers used:
		wreg, status,2, status,0, cstack
 Tracked objects:
		On entry : 
		On exit  : 
		Unchanged: 
 Data sizes:     COMRAM   BANK0   BANK1   BANK2   BANK3   BANK4   BANK5
      Params:         0       0       0       0       0       0       0
      Locals:         0       0       0       0       0       0       0
      Temps:          0       0       0       0       0       0       0
      Totals:         0       0       0       0       0       0       0
Total ram usage:        0 bytes
 Hardware stack levels used:    1
 Hardware stack levels required when called:    1
 This function calls:
		_PWM1_Duty
		_PWM1_Init
 This function is called by:
		_small_bee
		_main
 This function uses a non-reentrant model


 *************** function _Quiet *****************
 Defined at:
		line 103 in file "motor2.c"
 Parameters:    Size  Location     Type
		None
 Auto vars:     Size  Location     Type
		None
 Return value:  Size  Location     Type
                  1    wreg      void 
 Registers used:
		wreg, status,2, status,0, cstack
 Tracked objects:
		On entry : 
		On exit  : 
		Unchanged: 
 Data sizes:     COMRAM   BANK0   BANK1   BANK2   BANK3   BANK4   BANK5
      Params:         0       0       0       0       0       0       0
      Locals:         0       0       0       0       0       0       0
      Temps:          0       0       0       0       0       0       0
      Totals:         0       0       0       0       0       0       0
Total ram usage:        0 bytes
 Hardware stack levels used:    1
 Hardware stack levels required when called:    1
 This function calls:
		_PWM1_Duty
 This function is called by:
		_small_bee
 This function uses a non-reentrant model


 *************** function _Mi *****************
 Defined at:
		line 88 in file "motor2.c"
 Parameters:    Size  Location     Type
		None
 Auto vars:     Size  Location     Type
		None
 Return value:  Size  Location     Type
                  1    wreg      void 
 Registers used:
		wreg, status,2, status,0, cstack
 Tracked objects:
		On entry : 
		On exit  : 
		Unchanged: 
 Data sizes:     COMRAM   BANK0   BANK1   BANK2   BANK3   BANK4   BANK5
      Params:         0       0       0       0       0       0       0
      Locals:         0       0       0       0       0       0       0
      Temps:          0       0       0       0       0       0       0
      Totals:         0       0       0       0       0       0       0
Total ram usage:        0 bytes
 Hardware stack levels used:    1
 Hardware stack levels required when called:    1
 This function calls:
		_PWM1_Duty
		_PWM1_Init
 This function is called by:
		_small_bee
		_main
 This function uses a non-reentrant model


 *************** function _Fa *****************
 Defined at:
		line 93 in file "motor2.c"
 Parameters:    Size  Location     Type
		None
 Auto vars:     Size  Location     Type
		None
 Return value:  Size  Location     Type
                  1    wreg      void 
 Registers used:
		wreg, status,2, status,0, cstack
 Tracked objects:
		On entry : 
		On exit  : 
		Unchanged: 
 Data sizes:     COMRAM   BANK0   BANK1   BANK2   BANK3   BANK4   BANK5
      Params:         0       0       0       0       0       0       0
      Locals:         0       0       0       0       0       0       0
      Temps:          0       0       0       0       0       0       0
      Totals:         0       0       0       0       0       0       0
Total ram usage:        0 bytes
 Hardware stack levels used:    1
 Hardware stack levels required when called:    1
 This function calls:
		_PWM1_Duty
		_PWM1_Init
 This function is called by:
		_small_bee
		_main
 This function uses a non-reentrant model


 *************** function _Do *****************
 Defined at:
		line 78 in file "motor2.c"
 Parameters:    Size  Location     Type
		None
 Auto vars:     Size  Location     Type
		None
 Return value:  Size  Location     Type
                  1    wreg      void 
 Registers used:
		wreg, status,2, status,0, cstack
 Tracked objects:
		On entry : 
		On exit  : 
		Unchanged: 
 Data sizes:     COMRAM   BANK0   BANK1   BANK2   BANK3   BANK4   BANK5
      Params:         0       0       0       0       0       0       0
      Locals:         0       0       0       0       0       0       0
      Temps:          0       0       0       0       0       0       0
      Totals:         0       0       0       0       0       0       0
Total ram usage:        0 bytes
 Hardware stack levels used:    1
 Hardware stack levels required when called:    1
 This function calls:
		_PWM1_Duty
		_PWM1_Init
 This function is called by:
		_small_bee
		_main
 This function uses a non-reentrant model


 *************** function _PWM1_Init *****************
 Defined at:
		line 25 in file "motor2.c"
 Parameters:    Size  Location     Type
  setDuty         4    0[COMRAM] long 
 Auto vars:     Size  Location     Type
		None
 Return value:  Size  Location     Type
                  1    wreg      void 
 Registers used:
		None
 Tracked objects:
		On entry : 
		On exit  : 
		Unchanged: 
 Data sizes:     COMRAM   BANK0   BANK1   BANK2   BANK3   BANK4   BANK5
      Params:         4       0       0       0       0       0       0
      Locals:         0       0       0       0       0       0       0
      Temps:          0       0       0       0       0       0       0
      Totals:         4       0       0       0       0       0       0
Total ram usage:        4 bytes
 Hardware stack levels used:    1
 This function calls:
		Nothing
 This function is called by:
		_Do
		_Re
		_Mi
		_Fa
		_So
 This function uses a non-reentrant model


 *************** function _PWM1_Duty *****************
 Defined at:
		line 32 in file "motor2.c"
 Parameters:    Size  Location     Type
  duty            2    0[COMRAM] int 
 Auto vars:     Size  Location     Type
		None
 Return value:  Size  Location     Type
                  1    wreg      void 
 Registers used:
		wreg, status,2, status,0
 Tracked objects:
		On entry : 
		On exit  : 
		Unchanged: 
 Data sizes:     COMRAM   BANK0   BANK1   BANK2   BANK3   BANK4   BANK5
      Params:         2       0       0       0       0       0       0
      Locals:         0       0       0       0       0       0       0
      Temps:          2       0       0       0       0       0       0
      Totals:         4       0       0       0       0       0       0
Total ram usage:        4 bytes
 Hardware stack levels used:    1
 This function calls:
		Nothing
 This function is called by:
		_Do
		_Re
		_Mi
		_Fa
		_So
		_Quiet
		_main
 This function uses a non-reentrant model


 *************** function _PWM1_Start *****************
 Defined at:
		line 52 in file "motor2.c"
 Parameters:    Size  Location     Type
		None
 Auto vars:     Size  Location     Type
		None
 Return value:  Size  Location     Type
                  1    wreg      void 
 Registers used:
		None
 Tracked objects:
		On entry : 
		On exit  : 
		Unchanged: 
 Data sizes:     COMRAM   BANK0   BANK1   BANK2   BANK3   BANK4   BANK5
      Params:         0       0       0       0       0       0       0
      Locals:         0       0       0       0       0       0       0
      Temps:          0       0       0       0       0       0       0
      Totals:         0       0       0       0       0       0       0
Total ram usage:        0 bytes
 Hardware stack levels used:    1
 This function calls:
		Nothing
 This function is called by:
		_main
 This function uses a non-reentrant model



MODULE INFORMATION

Module		Function		Class		Link	Load	Size
motor2.c
		_PWM1_Start    		CODE           	6902	0000	33
		_delay         		CODE           	69FE	0000	155
		_Re            		CODE           	6988	0000	35
		_Mi            		CODE           	6966	0000	35
		_Do            		CODE           	6922	0000	35
		_main          		CODE           	6A98	0000	217
		_So            		CODE           	69AA	0000	35
		_PWM1_Init     		CODE           	68E4	0000	7
		_PWM1_Duty     		CODE           	69CC	0000	51
		_Quiet         		CODE           	68F4	0000	15
		_small_bee     		CODE           	6B70	0000	4689
		_Fa            		CODE           	6944	0000	35

motor2.c estimated size: 5342

shared
		__initialization		CODE           	68EA	0000	5

shared estimated size: 5

