Microchip MPLAB XC8 Compiler V2.00 ()

Linker command line:

-W-3 --edf=C:\Program Files (x86)\Microchip\xc8\v2.00\pic\dat\en_msgs.txt \
  -cs -h+dist/default/production\final_motor.X.production.sym \
  --cmf=dist/default/production\final_motor.X.production.cmf -z -Q18F4520 \
  -oC:\Users\wayne\AppData\Local\Temp\shk.2 --defsym=__MPLAB_BUILD=1 \
  -Mdist/default/production/final_motor.X.production.map -E1 -ver=XC8 \
  --acfsm=1493 -ASTACK=080h-05ffh -pstack=STACK -ACODE=00h-07FFFh \
  -ACONST=00h-07FFFh -ASMALLCONST=0600h-06FFhx122 \
  -AMEDIUMCONST=0600h-07FFFh -ACOMRAM=01h-07Fh -AABS1=00h-05FFh \
  -ABIGRAM=01h-05FFh -ARAM=080h-0FFh,0100h-01FFhx5 -ABANK0=080h-0FFh \
  -ABANK1=0100h-01FFh -ABANK2=0200h-02FFh -ABANK3=0300h-03FFh \
  -ABANK4=0400h-04FFh -ABANK5=0500h-05FFh -ASFR=0F80h-0FFFh \
  -preset_vec=00h,intcode,intcodelo,powerup,init -pramtop=0600h \
  -psmallconst=SMALLCONST -pmediumconst=MEDIUMCONST -pconst=CONST \
  -AFARRAM=00h-00h -ACONFIG=0300000h-030000Dh -pconfig=CONFIG \
  -AIDLOC=0200000h-0200007h -pidloc=IDLOC -AEEDATA=0F00000h-0F000FFh \
  -peeprom_data=EEDATA \
  -prdata=COMRAM,nvrram=COMRAM,nvbit=COMRAM,rbss=COMRAM,rbit=COMRAM \
  -pfarbss=FARRAM,fardata=FARRAM,nvFARRAM=FARRAM \
  -pintsave_regs=BIGRAM,bigbss=BIGRAM,bigdata=BIGRAM -pbss=RAM \
  -pidata=CODE,irdata=CODE,ibigdata=CODE,ifardata=CODE -prparam=COMRAM \
  C:\Users\wayne\AppData\Local\Temp\shk.o \
  dist/default/production\final_motor.X.production.o 

Object code version is 3.11

Machine type is 18F4520

Call graph: (short form)




                Name                               Link     Load   Length Selector   Space Scale
C:\Users\wayne\AppData\Local\Temp\shk.o
                init                                  0        0        4        0       0
                idloc                            200000   200000        8   200000       0
                config                           300000   300000        E   300000       0
dist/default/production\final_motor.X.production.o
                text16                             70B8     70B8       18     385C       0
                text15                             714C     714C       46     38A6       0
                text14                             711A     711A       32     388D       0
                text13                             70A8     70A8        6     3854       0
                text12                             7192     7192       B0     38C9       0
                text11                             7242     7242       B0     3921       0
                text10                             72F2     72F2       B0     3979       0
                text9                              73A2     73A2       B0     39D1       0
                text8                              70D0     70D0       20     3868       0
                text7                              7452     7452       B0     3A29       0
                text6                              7502     7502       B0     3A81       0
                text5                              75B2     75B2       B0     3AD9       0
                text4                              7B92     7B92      46E     3DC9       0
                text3                              7662     7662      152     3B31       0
                text2                              70F0     70F0       2A     3878       0
                text1                              77B4     77B4      1DC     3BDA       0
                text0                              7990     7990      202     3CC8       0
                cstackCOMRAM                          1        1       45        1       1
                bssCOMRAM                            48       48        2        1       1
                cinit                              70AE     70AE        A     3857       0
                nvCOMRAM                             46       46        2        1       1

TOTAL           Name                               Link     Load   Length     Space
        CLASS   STACK          

        CLASS   CODE           
                init                                  0        0        4         0
                text16                             70B8     70B8       18         0
                text15                             714C     714C       46         0
                text14                             711A     711A       32         0
                text13                             70A8     70A8        6         0
                text12                             7192     7192       B0         0
                text11                             7242     7242       B0         0
                text10                             72F2     72F2       B0         0
                text9                              73A2     73A2       B0         0
                text8                              70D0     70D0       20         0
                text7                              7452     7452       B0         0
                text6                              7502     7502       B0         0
                text5                              75B2     75B2       B0         0
                text4                              7B92     7B92      46E         0
                text3                              7662     7662      152         0
                text2                              70F0     70F0       2A         0
                text1                              77B4     77B4      1DC         0
                text0                              7990     7990      202         0
                cinit                              70AE     70AE        A         0

        CLASS   CONST          

        CLASS   SMALLCONST     

        CLASS   MEDIUMCONST    

        CLASS   COMRAM         
                cstackCOMRAM                          1        1       45         1
                bssCOMRAM                            48       48        2         1
                nvCOMRAM                             46       46        2         1

        CLASS   ABS1           

        CLASS   BIGRAM         

        CLASS   RAM            

        CLASS   BANK0          

        CLASS   BANK1          

        CLASS   BANK2          

        CLASS   BANK3          

        CLASS   BANK4          

        CLASS   BANK5          

        CLASS   SFR            

        CLASS   FARRAM         

        CLASS   CONFIG         
                config                           300000   300000        E         0

        CLASS   IDLOC          
                idloc                            200000   200000        8         0

        CLASS   EEDATA         



SEGMENTS        Name                           Load    Length   Top    Selector   Space  Class

                reset_vec                      000000  000004  000004         0       0  CODE    
                cstackCOMRAM                   000001  000049  00004A         1       1  COMRAM  
                text13                         0070A8  000006  0070AE      3854       0  CODE    
                cinit                          0070AE  00000A  0070B8      3857       0  CODE    
                text16                         0070B8  000018  0070D0      385C       0  CODE    
                text8                          0070D0  000020  0070F0      3868       0  CODE    
                text2                          0070F0  00002A  00711A      3878       0  CODE    
                text14                         00711A  000032  00714C      388D       0  CODE    
                text15                         00714C  000046  007192      38A6       0  CODE    
                text12                         007192  0000B0  007242      38C9       0  CODE    
                text11                         007242  0000B0  0072F2      3921       0  CODE    
                text10                         0072F2  0000B0  0073A2      3979       0  CODE    
                text9                          0073A2  0000B0  007452      39D1       0  CODE    
                text7                          007452  0000B0  007502      3A29       0  CODE    
                text6                          007502  0000B0  0075B2      3A81       0  CODE    
                text5                          0075B2  0000B0  007662      3AD9       0  CODE    
                text3                          007662  000152  0077B4      3B31       0  CODE    
                text1                          0077B4  0001DC  007990      3BDA       0  CODE    
                text0                          007990  000202  007B92      3CC8       0  CODE    
                text4                          007B92  00046E  008000      3DC9       0  CODE    
                idloc                          200000  000008  200008    200000       0  IDLOC   
                config                         300000  00000E  30000E    300000       0  CONFIG  


UNUSED ADDRESS RANGES

        Name                Unused          Largest block    Delta
        BANK0            000080-0000FF               80
        BANK1            000100-0001FF              100
        BANK2            000200-0002FF              100
        BANK3            000300-0003FF              100
        BANK4            000400-0004FF              100
        BANK5            000500-0005FF              100
        BIGRAM           00004A-0005FF              5B6
        CODE             000004-0070A7             70A4
        COMRAM           00004A-00007F               36
        CONST            000004-0070A7             70A4
        EEDATA           F00000-F000FF              100
        MEDIUMCONST      000600-0070A7             6AA8
        RAM              000080-0005FF              100
        SFR              000F80-000FFF               80
        SMALLCONST       000600-0070A7              100
        STACK            000080-0005FF              580

                                  Symbol Table

?_ADC_Read               cstackCOMRAM 000001
?___flmul                cstackCOMRAM 000015
?___fltol                cstackCOMRAM 00002E
?___wmul                 cstackCOMRAM 000001
?___xxtofl               cstackCOMRAM 000007
ADC_Read@channel         cstackCOMRAM 000001
ADC_Read@digital         cstackCOMRAM 000005
Do@n                     cstackCOMRAM 000005
Fa@n                     cstackCOMRAM 000005
La@n                     cstackCOMRAM 000005
Mi@n                     cstackCOMRAM 000005
PWM1_Duty@duty           cstackCOMRAM 000001
PWM1_Init@setDuty        cstackCOMRAM 000001
Re@n                     cstackCOMRAM 000005
Si@n                     cstackCOMRAM 000005
So@n                     cstackCOMRAM 000005
_ADCON0bits              (abs)        000FC2
_ADCON1                  (abs)        000FC1
_ADCON2bits              (abs)        000FC0
_ADC_Initialize          text16       0070B8
_ADC_Read                text15       00714C
_ADFM                    (abs)        007E07
_ADRESH                  (abs)        000FC4
_ADRESL                  (abs)        000FC3
_CCP1CONbits             (abs)        000FBD
_CCPR1L                  (abs)        000FBE
_Do                      text12       007192
_Fa                      text11       007242
_LATA                    (abs)        000F89
_LATAbits                (abs)        000F89
_La                      text10       0072F2
_Mi                      text9        0073A2
_OSCCONbits              (abs)        000FD3
_PR2                     (abs)        000FCB
_PWM1CONbits             (abs)        000FB7
_PWM1_Duty               text14       00711A
_PWM1_Init               text13       0070A8
_PWM1_Start              text8        0070D0
_RC3                     (abs)        007C13
_RD0                     (abs)        007C18
_RD1                     (abs)        007C19
_RD2                     (abs)        007C1A
_RD3                     (abs)        007C1B
_RD4                     (abs)        007C1C
_RD5                     (abs)        007C1D
_Re                      text7        007452
_Si                      text6        007502
_So                      text5        0075B2
_T2CONbits               (abs)        000FCA
_TRISA                   (abs)        000F92
_TRISAbits               (abs)        000F92
_TRISCbits               (abs)        000F94
_TRISDbits               (abs)        000F95
__CFG_BOREN$ON           (abs)        000000
__CFG_CPD$OFF            (abs)        000000
__CFG_LVP$OFF            (abs)        000000
__CFG_OSC$INTIO67        (abs)        000000
__CFG_PWRT$OFF           (abs)        000000
__CFG_WDT$OFF            (abs)        000000
__HRAM                   (abs)        000000
__Habs1                  abs1         000000
__Hbank0                 bank0        000000
__Hbank1                 bank1        000000
__Hbank2                 bank2        000000
__Hbank3                 bank3        000000
__Hbank4                 bank4        000000
__Hbank5                 bank5        000000
__Hbigbss                bigbss       000000
__Hbigdata               bigdata      000000
__Hbigram                bigram       000000
__Hbss                   bss          000000
__HbssCOMRAM             bssCOMRAM    000000
__Hcinit                 cinit        000000
__Hclrtext               clrtext      000000
__Hcomram                comram       000000
__Hconfig                config       30000E
__Hconst                 const        000000
__HcstackCOMRAM          cstackCOMRAM 000000
__Hdata                  data         000000
__Heeprom_data           eeprom_data  000000
__Hfarbss                farbss       000000
__Hfardata               fardata      000000
__Hibigdata              ibigdata     000000
__Hidata                 idata        000000
__Hidloc                 idloc        200008
__Hifardata              ifardata     000000
__Hinit                  init         000004
__Hintcode               intcode      000000
__Hintcode_body          intcode_body 000000
__Hintcodelo             intcodelo    000000
__Hintentry              intentry     000000
__Hintret                intret       000000
__Hintsave_regs          intsave_regs 000000
__Hirdata                irdata       000000
__Hmediumconst           mediumconst  000000
__HnvCOMRAM              nvCOMRAM     000000
__HnvFARRAM              nvFARRAM     000000
__Hnvbit                 nvbit        000000
__Hnvrram                nvrram       000000
__Hparam                 rparam       000000
__Hpowerup               powerup      000000
__Hram                   ram          000000
__Hramtop                ramtop       000600
__Hrbit                  rbit         000000
__Hrbss                  rbss         000000
__Hrdata                 rdata        000000
__Hreset_vec             reset_vec    000000
__Hrparam                rparam       000000
__Hsfr                   sfr          000000
__Hsmallconst            smallconst   000000
__Hspace_0               (abs)        30000E
__Hspace_1               (abs)        00004A
__Hspace_2               (abs)        000000
__Hstack                 stack        000000
__Hstruct                struct       000000
__Htemp                  temp         000000
__Htext                  text         000000
__Htext0                 text0        000000
__Htext1                 text1        000000
__Htext10                text10       000000
__Htext11                text11       000000
__Htext12                text12       000000
__Htext13                text13       000000
__Htext14                text14       000000
__Htext15                text15       000000
__Htext16                text16       000000
__Htext2                 text2        000000
__Htext3                 text3        000000
__Htext4                 text4        000000
__Htext5                 text5        000000
__Htext6                 text6        000000
__Htext7                 text7        000000
__Htext8                 text8        000000
__Htext9                 text9        000000
__LRAM                   (abs)        000001
__Labs1                  abs1         000000
__Lbank0                 bank0        000000
__Lbank1                 bank1        000000
__Lbank2                 bank2        000000
__Lbank3                 bank3        000000
__Lbank4                 bank4        000000
__Lbank5                 bank5        000000
__Lbigbss                bigbss       000000
__Lbigdata               bigdata      000000
__Lbigram                bigram       000000
__Lbss                   bss          000000
__LbssCOMRAM             bssCOMRAM    000000
__Lcinit                 cinit        000000
__Lclrtext               clrtext      000000
__Lcomram                comram       000000
__Lconfig                config       300000
__Lconst                 const        000000
__LcstackCOMRAM          cstackCOMRAM 000000
__Ldata                  data         000000
__Leeprom_data           eeprom_data  000000
__Lfarbss                farbss       000000
__Lfardata               fardata      000000
__Libigdata              ibigdata     000000
__Lidata                 idata        000000
__Lidloc                 idloc        200000
__Lifardata              ifardata     000000
__Linit                  init         000000
__Lintcode               intcode      000000
__Lintcode_body          intcode_body 000000
__Lintcodelo             intcodelo    000000
__Lintentry              intentry     000000
__Lintret                intret       000000
__Lintsave_regs          intsave_regs 000000
__Lirdata                irdata       000000
__Lmediumconst           mediumconst  000000
__LnvCOMRAM              nvCOMRAM     000000
__LnvFARRAM              nvFARRAM     000000
__Lnvbit                 nvbit        000000
__Lnvrram                nvrram       000000
__Lparam                 rparam       000000
__Lpowerup               powerup      000000
__Lram                   ram          000000
__Lramtop                ramtop       000600
__Lrbit                  rbit         000000
__Lrbss                  rbss         000000
__Lrdata                 rdata        000000
__Lreset_vec             reset_vec    000000
__Lrparam                rparam       000000
__Lsfr                   sfr          000000
__Lsmallconst            smallconst   000000
__Lspace_0               (abs)        000000
__Lspace_1               (abs)        000000
__Lspace_2               (abs)        000000
__Lstack                 stack        000000
__Lstruct                struct       000000
__Ltemp                  temp         000000
__Ltext                  text         000000
__Ltext0                 text0        000000
__Ltext1                 text1        000000
__Ltext10                text10       000000
__Ltext11                text11       000000
__Ltext12                text12       000000
__Ltext13                text13       000000
__Ltext14                text14       000000
__Ltext15                text15       000000
__Ltext16                text16       000000
__Ltext2                 text2        000000
__Ltext3                 text3        000000
__Ltext4                 text4        000000
__Ltext5                 text5        000000
__Ltext6                 text6        000000
__Ltext7                 text7        000000
__Ltext8                 text8        000000
__Ltext9                 text9        000000
__S0                     (abs)        30000E
__S1                     (abs)        00004A
__S2                     (abs)        000000
___flmul                 text4        007B92
___flmul@a               cstackCOMRAM 000019
___flmul@aexp            cstackCOMRAM 000026
___flmul@b               cstackCOMRAM 000015
___flmul@bexp            cstackCOMRAM 000027
___flmul@grs             cstackCOMRAM 000022
___flmul@prod            cstackCOMRAM 000028
___flmul@sign            cstackCOMRAM 000021
___flmul@temp            cstackCOMRAM 00002C
___fltol                 text3        007662
___fltol@exp1            cstackCOMRAM 000037
___fltol@f1              cstackCOMRAM 00002E
___fltol@sign1           cstackCOMRAM 000036
___inthi_sp              stack        000000
___intlo_sp              stack        000000
___param_bank            (abs)        000000
___rparam_used           (abs)        000001
___sp                    stack        000000
___wmul                  text2        0070F0
___wmul@multiplicand     cstackCOMRAM 000003
___wmul@multiplier       cstackCOMRAM 000001
___wmul@product          cstackCOMRAM 000005
___xxtofl                text1        0077B4
___xxtofl@arg            cstackCOMRAM 000011
___xxtofl@exp            cstackCOMRAM 000010
___xxtofl@sign           cstackCOMRAM 00000F
___xxtofl@val            cstackCOMRAM 000007
__accesstop              (abs)        000080
__activetblptr           (abs)        000000
__end_of_ADC_Initialize  text16       0070D0
__end_of_ADC_Read        text15       007192
__end_of_Do              text12       007242
__end_of_Fa              text11       0072F2
__end_of_La              text10       0073A2
__end_of_Mi              text9        007452
__end_of_PWM1_Duty       text14       00714C
__end_of_PWM1_Init       text13       0070AE
__end_of_PWM1_Start      text8        0070F0
__end_of_Re              text7        007502
__end_of_Si              text6        0075B2
__end_of_So              text5        007662
__end_of___flmul         text4        008000
__end_of___fltol         text3        0077B4
__end_of___wmul          text2        00711A
__end_of___xxtofl        text1        007990
__end_of__initialization cinit        0070B2
__end_of_main            text0        007B92
__initialization         cinit        0070AE
__mediumconst            mediumconst  000000
__pbssCOMRAM             bssCOMRAM    000048
__pcinit                 cinit        0070AE
__pcstackCOMRAM          cstackCOMRAM 000001
__pnvCOMRAM              nvCOMRAM     000046
__ptext0                 text0        007990
__ptext1                 text1        0077B4
__ptext10                text10       0072F2
__ptext11                text11       007242
__ptext12                text12       007192
__ptext13                text13       0070A8
__ptext14                text14       00711A
__ptext15                text15       00714C
__ptext16                text16       0070B8
__ptext2                 text2        0070F0
__ptext3                 text3        007662
__ptext4                 text4        007B92
__ptext5                 text5        0075B2
__ptext6                 text6        007502
__ptext7                 text7        007452
__ptext8                 text8        0070D0
__ptext9                 text9        0073A2
__ramtop                 ramtop       000600
__size_of_ADC_Initialize (abs)        000000
__size_of_ADC_Read       (abs)        000000
__size_of_Do             (abs)        000000
__size_of_Fa             (abs)        000000
__size_of_La             (abs)        000000
__size_of_Mi             (abs)        000000
__size_of_PWM1_Duty      (abs)        000000
__size_of_PWM1_Init      (abs)        000000
__size_of_PWM1_Start     (abs)        000000
__size_of_Re             (abs)        000000
__size_of_Si             (abs)        000000
__size_of_So             (abs)        000000
__size_of___flmul        (abs)        000000
__size_of___fltol        (abs)        000000
__size_of___wmul         (abs)        000000
__size_of___xxtofl       (abs)        000000
__size_of_main           (abs)        000000
__smallconst             smallconst   000000
_flag                    bssCOMRAM    000048
_main                    text0        007990
_n                       nvCOMRAM     000046
end_of_initialization    cinit        0070B2
intlevel0                text         000000
intlevel1                text         000000
intlevel2                text         000000
intlevel3                text         000000
main@digital             cstackCOMRAM 000042
main@flag                cstackCOMRAM 000040
main@i                   cstackCOMRAM 00003C
main@j                   cstackCOMRAM 00003E
main@speed               cstackCOMRAM 000038
main@voltage             cstackCOMRAM 000044
stackhi                  (abs)        0005FF
stacklo                  (abs)        000080
start                    init         000000
start_initialization     cinit        0070AE


FUNCTION INFORMATION:

 *************** function _main *****************
 Defined at:
		line 333 in file "motor2.c"
 Parameters:    Size  Location     Type
		None
 Auto vars:     Size  Location     Type
  speed           4   55[COMRAM] float 
  voltage         2   67[COMRAM] int 
  digital         2   65[COMRAM] int 
  flag            2   63[COMRAM] int 
  j               2   61[COMRAM] int 
  i               2   59[COMRAM] int 
 Return value:  Size  Location     Type
                  1    wreg      void 
 Registers used:
		wreg, status,2, status,0, prodl, prodh, cstack
 Tracked objects:
		On entry : 
		On exit  : 
		Unchanged: 
 Data sizes:     COMRAM   BANK0   BANK1   BANK2   BANK3   BANK4   BANK5
      Params:         0       0       0       0       0       0       0
      Locals:        14       0       0       0       0       0       0
      Temps:          0       0       0       0       0       0       0
      Totals:        14       0       0       0       0       0       0
Total ram usage:       14 bytes
 Hardware stack levels required when called:    2
 This function calls:
		_ADC_Initialize
		_ADC_Read
		_Do
		_Fa
		_La
		_Mi
		_PWM1_Duty
		_PWM1_Start
		_Re
		_Si
		_So
		___flmul
		___fltol
		___wmul
		___xxtofl
 This function is called by:
		Startup code after reset
 This function uses a non-reentrant model


 *************** function ___xxtofl *****************
 Defined at:
		line 10 in file "C:\Program Files (x86)\Microchip\xc8\v2.00\pic\sources\c99\common\xxtofl.c"
 Parameters:    Size  Location     Type
  sign            1    wreg     unsigned char 
  val             4    6[COMRAM] long 
 Auto vars:     Size  Location     Type
  sign            1   14[COMRAM] unsigned char 
  arg             4   16[COMRAM] unsigned long 
  exp             1   15[COMRAM] unsigned char 
 Return value:  Size  Location     Type
                  4    6[COMRAM] unsigned char 
 Registers used:
		wreg, status,2, status,0
 Tracked objects:
		On entry : 
		On exit  : 
		Unchanged: 
 Data sizes:     COMRAM   BANK0   BANK1   BANK2   BANK3   BANK4   BANK5
      Params:         4       0       0       0       0       0       0
      Locals:         6       0       0       0       0       0       0
      Temps:          4       0       0       0       0       0       0
      Totals:        14       0       0       0       0       0       0
Total ram usage:       14 bytes
 Hardware stack levels used:    1
 This function calls:
		Nothing
 This function is called by:
		_main
 This function uses a non-reentrant model


 *************** function ___wmul *****************
 Defined at:
		line 15 in file "C:\Program Files (x86)\Microchip\xc8\v2.00\pic\sources\c99\common\Umul16.c"
 Parameters:    Size  Location     Type
  multiplier      2    0[COMRAM] unsigned int 
  multiplicand    2    2[COMRAM] unsigned int 
 Auto vars:     Size  Location     Type
  product         2    4[COMRAM] unsigned int 
 Return value:  Size  Location     Type
                  2    0[COMRAM] unsigned int 
 Registers used:
		wreg, status,2, status,0, prodl, prodh
 Tracked objects:
		On entry : 
		On exit  : 
		Unchanged: 
 Data sizes:     COMRAM   BANK0   BANK1   BANK2   BANK3   BANK4   BANK5
      Params:         4       0       0       0       0       0       0
      Locals:         2       0       0       0       0       0       0
      Temps:          0       0       0       0       0       0       0
      Totals:         6       0       0       0       0       0       0
Total ram usage:        6 bytes
 Hardware stack levels used:    1
 This function calls:
		Nothing
 This function is called by:
		_main
 This function uses a non-reentrant model


 *************** function ___fltol *****************
 Defined at:
		line 43 in file "C:\Program Files (x86)\Microchip\xc8\v2.00\pic\sources\c99\common\fltol.c"
 Parameters:    Size  Location     Type
  f1              4   45[COMRAM] unsigned int 
 Auto vars:     Size  Location     Type
  exp1            1   54[COMRAM] unsigned char 
  sign1           1   53[COMRAM] unsigned char 
 Return value:  Size  Location     Type
                  4   45[COMRAM] long 
 Registers used:
		wreg, status,2, status,0
 Tracked objects:
		On entry : 
		On exit  : 
		Unchanged: 
 Data sizes:     COMRAM   BANK0   BANK1   BANK2   BANK3   BANK4   BANK5
      Params:         4       0       0       0       0       0       0
      Locals:         2       0       0       0       0       0       0
      Temps:          4       0       0       0       0       0       0
      Totals:        10       0       0       0       0       0       0
Total ram usage:       10 bytes
 Hardware stack levels used:    1
 This function calls:
		Nothing
 This function is called by:
		_main
 This function uses a non-reentrant model


 *************** function ___flmul *****************
 Defined at:
		line 8 in file "C:\Program Files (x86)\Microchip\xc8\v2.00\pic\sources\c99\common\sprcmul.c"
 Parameters:    Size  Location     Type
  b               4   20[COMRAM] long 
  a               4   24[COMRAM] long 
 Auto vars:     Size  Location     Type
  prod            4   39[COMRAM] struct .
  grs             4   33[COMRAM] unsigned long 
  temp            2   43[COMRAM] struct .
  bexp            1   38[COMRAM] unsigned char 
  aexp            1   37[COMRAM] unsigned char 
  sign            1   32[COMRAM] unsigned char 
 Return value:  Size  Location     Type
                  4   20[COMRAM] unsigned char 
 Registers used:
		wreg, status,2, status,0, prodl, prodh
 Tracked objects:
		On entry : 
		On exit  : 
		Unchanged: 
 Data sizes:     COMRAM   BANK0   BANK1   BANK2   BANK3   BANK4   BANK5
      Params:         8       0       0       0       0       0       0
      Locals:        13       0       0       0       0       0       0
      Temps:          4       0       0       0       0       0       0
      Totals:        25       0       0       0       0       0       0
Total ram usage:       25 bytes
 Hardware stack levels used:    1
 This function calls:
		Nothing
 This function is called by:
		_main
 This function uses a non-reentrant model


 *************** function _So *****************
 Defined at:
		line 168 in file "motor2.c"
 Parameters:    Size  Location     Type
  n               2    4[COMRAM] int 
 Auto vars:     Size  Location     Type
		None
 Return value:  Size  Location     Type
                  1    wreg      void 
 Registers used:
		wreg, status,2, status,0, cstack
 Tracked objects:
		On entry : 
		On exit  : 
		Unchanged: 
 Data sizes:     COMRAM   BANK0   BANK1   BANK2   BANK3   BANK4   BANK5
      Params:         2       0       0       0       0       0       0
      Locals:         0       0       0       0       0       0       0
      Temps:          0       0       0       0       0       0       0
      Totals:         2       0       0       0       0       0       0
Total ram usage:        2 bytes
 Hardware stack levels used:    1
 Hardware stack levels required when called:    1
 This function calls:
		_PWM1_Duty
		_PWM1_Init
 This function is called by:
		_main
		_small_bee
 This function uses a non-reentrant model


 *************** function _Si *****************
 Defined at:
		line 201 in file "motor2.c"
 Parameters:    Size  Location     Type
  n               2    4[COMRAM] int 
 Auto vars:     Size  Location     Type
		None
 Return value:  Size  Location     Type
                  1    wreg      void 
 Registers used:
		wreg, status,2, status,0, cstack
 Tracked objects:
		On entry : 
		On exit  : 
		Unchanged: 
 Data sizes:     COMRAM   BANK0   BANK1   BANK2   BANK3   BANK4   BANK5
      Params:         2       0       0       0       0       0       0
      Locals:         0       0       0       0       0       0       0
      Temps:          0       0       0       0       0       0       0
      Totals:         2       0       0       0       0       0       0
Total ram usage:        2 bytes
 Hardware stack levels used:    1
 Hardware stack levels required when called:    1
 This function calls:
		_PWM1_Duty
		_PWM1_Init
 This function is called by:
		_main
 This function uses a non-reentrant model


 *************** function _Re *****************
 Defined at:
		line 120 in file "motor2.c"
 Parameters:    Size  Location     Type
  n               2    4[COMRAM] int 
 Auto vars:     Size  Location     Type
		None
 Return value:  Size  Location     Type
                  1    wreg      void 
 Registers used:
		wreg, status,2, status,0, cstack
 Tracked objects:
		On entry : 
		On exit  : 
		Unchanged: 
 Data sizes:     COMRAM   BANK0   BANK1   BANK2   BANK3   BANK4   BANK5
      Params:         2       0       0       0       0       0       0
      Locals:         0       0       0       0       0       0       0
      Temps:          0       0       0       0       0       0       0
      Totals:         2       0       0       0       0       0       0
Total ram usage:        2 bytes
 Hardware stack levels used:    1
 Hardware stack levels required when called:    1
 This function calls:
		_PWM1_Duty
		_PWM1_Init
 This function is called by:
		_main
		_small_bee
 This function uses a non-reentrant model


 *************** function _PWM1_Start *****************
 Defined at:
		line 77 in file "motor2.c"
 Parameters:    Size  Location     Type
		None
 Auto vars:     Size  Location     Type
		None
 Return value:  Size  Location     Type
                  1    wreg      void 
 Registers used:
		None
 Tracked objects:
		On entry : 
		On exit  : 
		Unchanged: 
 Data sizes:     COMRAM   BANK0   BANK1   BANK2   BANK3   BANK4   BANK5
      Params:         0       0       0       0       0       0       0
      Locals:         0       0       0       0       0       0       0
      Temps:          0       0       0       0       0       0       0
      Totals:         0       0       0       0       0       0       0
Total ram usage:        0 bytes
 Hardware stack levels used:    1
 This function calls:
		Nothing
 This function is called by:
		_main
 This function uses a non-reentrant model


 *************** function _Mi *****************
 Defined at:
		line 136 in file "motor2.c"
 Parameters:    Size  Location     Type
  n               2    4[COMRAM] int 
 Auto vars:     Size  Location     Type
		None
 Return value:  Size  Location     Type
                  1    wreg      void 
 Registers used:
		wreg, status,2, status,0, cstack
 Tracked objects:
		On entry : 
		On exit  : 
		Unchanged: 
 Data sizes:     COMRAM   BANK0   BANK1   BANK2   BANK3   BANK4   BANK5
      Params:         2       0       0       0       0       0       0
      Locals:         0       0       0       0       0       0       0
      Temps:          0       0       0       0       0       0       0
      Totals:         2       0       0       0       0       0       0
Total ram usage:        2 bytes
 Hardware stack levels used:    1
 Hardware stack levels required when called:    1
 This function calls:
		_PWM1_Duty
		_PWM1_Init
 This function is called by:
		_main
		_small_bee
 This function uses a non-reentrant model


 *************** function _La *****************
 Defined at:
		line 184 in file "motor2.c"
 Parameters:    Size  Location     Type
  n               2    4[COMRAM] int 
 Auto vars:     Size  Location     Type
		None
 Return value:  Size  Location     Type
                  1    wreg      void 
 Registers used:
		wreg, status,2, status,0, cstack
 Tracked objects:
		On entry : 
		On exit  : 
		Unchanged: 
 Data sizes:     COMRAM   BANK0   BANK1   BANK2   BANK3   BANK4   BANK5
      Params:         2       0       0       0       0       0       0
      Locals:         0       0       0       0       0       0       0
      Temps:          0       0       0       0       0       0       0
      Totals:         2       0       0       0       0       0       0
Total ram usage:        2 bytes
 Hardware stack levels used:    1
 Hardware stack levels required when called:    1
 This function calls:
		_PWM1_Duty
		_PWM1_Init
 This function is called by:
		_main
 This function uses a non-reentrant model


 *************** function _Fa *****************
 Defined at:
		line 152 in file "motor2.c"
 Parameters:    Size  Location     Type
  n               2    4[COMRAM] int 
 Auto vars:     Size  Location     Type
		None
 Return value:  Size  Location     Type
                  1    wreg      void 
 Registers used:
		wreg, status,2, status,0, cstack
 Tracked objects:
		On entry : 
		On exit  : 
		Unchanged: 
 Data sizes:     COMRAM   BANK0   BANK1   BANK2   BANK3   BANK4   BANK5
      Params:         2       0       0       0       0       0       0
      Locals:         0       0       0       0       0       0       0
      Temps:          0       0       0       0       0       0       0
      Totals:         2       0       0       0       0       0       0
Total ram usage:        2 bytes
 Hardware stack levels used:    1
 Hardware stack levels required when called:    1
 This function calls:
		_PWM1_Duty
		_PWM1_Init
 This function is called by:
		_main
		_small_bee
 This function uses a non-reentrant model


 *************** function _Do *****************
 Defined at:
		line 103 in file "motor2.c"
 Parameters:    Size  Location     Type
  n               2    4[COMRAM] int 
 Auto vars:     Size  Location     Type
		None
 Return value:  Size  Location     Type
                  1    wreg      void 
 Registers used:
		wreg, status,2, status,0, cstack
 Tracked objects:
		On entry : 
		On exit  : 
		Unchanged: 
 Data sizes:     COMRAM   BANK0   BANK1   BANK2   BANK3   BANK4   BANK5
      Params:         2       0       0       0       0       0       0
      Locals:         0       0       0       0       0       0       0
      Temps:          0       0       0       0       0       0       0
      Totals:         2       0       0       0       0       0       0
Total ram usage:        2 bytes
 Hardware stack levels used:    1
 Hardware stack levels required when called:    1
 This function calls:
		_PWM1_Duty
		_PWM1_Init
 This function is called by:
		_main
		_small_bee
 This function uses a non-reentrant model


 *************** function _PWM1_Init *****************
 Defined at:
		line 50 in file "motor2.c"
 Parameters:    Size  Location     Type
  setDuty         4    0[COMRAM] long 
 Auto vars:     Size  Location     Type
		None
 Return value:  Size  Location     Type
                  1    wreg      void 
 Registers used:
		None
 Tracked objects:
		On entry : 
		On exit  : 
		Unchanged: 
 Data sizes:     COMRAM   BANK0   BANK1   BANK2   BANK3   BANK4   BANK5
      Params:         4       0       0       0       0       0       0
      Locals:         0       0       0       0       0       0       0
      Temps:          0       0       0       0       0       0       0
      Totals:         4       0       0       0       0       0       0
Total ram usage:        4 bytes
 Hardware stack levels used:    1
 This function calls:
		Nothing
 This function is called by:
		_Do
		_Re
		_Mi
		_Fa
		_So
		_La
		_Si
 This function uses a non-reentrant model


 *************** function _PWM1_Duty *****************
 Defined at:
		line 57 in file "motor2.c"
 Parameters:    Size  Location     Type
  duty            2    0[COMRAM] int 
 Auto vars:     Size  Location     Type
		None
 Return value:  Size  Location     Type
                  1    wreg      void 
 Registers used:
		wreg, status,2, status,0
 Tracked objects:
		On entry : 
		On exit  : 
		Unchanged: 
 Data sizes:     COMRAM   BANK0   BANK1   BANK2   BANK3   BANK4   BANK5
      Params:         2       0       0       0       0       0       0
      Locals:         0       0       0       0       0       0       0
      Temps:          2       0       0       0       0       0       0
      Totals:         4       0       0       0       0       0       0
Total ram usage:        4 bytes
 Hardware stack levels used:    1
 This function calls:
		Nothing
 This function is called by:
		_Do
		_Re
		_Mi
		_Fa
		_So
		_La
		_Si
		_main
		_Quiet
 This function uses a non-reentrant model


 *************** function _ADC_Read *****************
 Defined at:
		line 35 in file "motor2.c"
 Parameters:    Size  Location     Type
  channel         2    0[COMRAM] int 
 Auto vars:     Size  Location     Type
  digital         2    4[COMRAM] int 
 Return value:  Size  Location     Type
                  2    0[COMRAM] int 
 Registers used:
		wreg, status,2, status,0
 Tracked objects:
		On entry : 
		On exit  : 
		Unchanged: 
 Data sizes:     COMRAM   BANK0   BANK1   BANK2   BANK3   BANK4   BANK5
      Params:         2       0       0       0       0       0       0
      Locals:         2       0       0       0       0       0       0
      Temps:          2       0       0       0       0       0       0
      Totals:         6       0       0       0       0       0       0
Total ram usage:        6 bytes
 Hardware stack levels used:    1
 This function calls:
		Nothing
 This function is called by:
		_main
 This function uses a non-reentrant model


 *************** function _ADC_Initialize *****************
 Defined at:
		line 25 in file "motor2.c"
 Parameters:    Size  Location     Type
		None
 Auto vars:     Size  Location     Type
		None
 Return value:  Size  Location     Type
                  1    wreg      void 
 Registers used:
		wreg, status,2
 Tracked objects:
		On entry : 
		On exit  : 
		Unchanged: 
 Data sizes:     COMRAM   BANK0   BANK1   BANK2   BANK3   BANK4   BANK5
      Params:         0       0       0       0       0       0       0
      Locals:         0       0       0       0       0       0       0
      Temps:          0       0       0       0       0       0       0
      Totals:         0       0       0       0       0       0       0
Total ram usage:        0 bytes
 Hardware stack levels used:    1
 This function calls:
		Nothing
 This function is called by:
		_main
 This function uses a non-reentrant model



MODULE INFORMATION

Module		Function		Class		Link	Load	Size
C:\Program Files (x86)\Microchip\xc8\v2.00\pic\sources\c99\common\sprcmul.c
		___flmul       		CODE           	7B92	0000	1135

C:\Program Files (x86)\Microchip\xc8\v2.00\pic\sources\c99\common\sprcmul.c estimated size: 1135

C:\Program Files (x86)\Microchip\xc8\v2.00\pic\sources\c99\common\xxtofl.c
		___xxtofl      		CODE           	77B4	0000	477

C:\Program Files (x86)\Microchip\xc8\v2.00\pic\sources\c99\common\xxtofl.c estimated size: 477

motor2.c
		_PWM1_Start    		CODE           	70D0	0000	33
		_Re            		CODE           	7452	0000	177
		_Mi            		CODE           	73A2	0000	177
		_Do            		CODE           	7192	0000	177
		_ADC_Initialize		CODE           	70B8	0000	25
		_Si            		CODE           	7502	0000	177
		_main          		CODE           	7990	0000	515
		_So            		CODE           	75B2	0000	177
		_PWM1_Init     		CODE           	70A8	0000	7
		_PWM1_Duty     		CODE           	711A	0000	51
		_ADC_Read      		CODE           	714C	0000	71
		_Fa            		CODE           	7242	0000	177
		_La            		CODE           	72F2	0000	177

motor2.c estimated size: 1941

shared
		__initialization		CODE           	70AE	0000	5

shared estimated size: 5

C:\Program Files (x86)\Microchip\xc8\v2.00\pic\sources\c99\common\fltol.c
		___fltol       		CODE           	7662	0000	339

C:\Program Files (x86)\Microchip\xc8\v2.00\pic\sources\c99\common\fltol.c estimated size: 339

C:\Program Files (x86)\Microchip\xc8\v2.00\pic\sources\c99\common\Umul16.c
		___wmul        		CODE           	70F0	0000	43

C:\Program Files (x86)\Microchip\xc8\v2.00\pic\sources\c99\common\Umul16.c estimated size: 43

